[localhost_8080/purvatraders/index.html]
[backblue.gif]
[fade.gif]
[index.html]
[localhost_8080/purvatraders/wp-content/uploads/2021/12/PinClipart.com_container-ship-clipart_1239844-300x300.png]
[localhost_8080/purvatraders/wp-content/cache/wpo-minify/1639214591/assets/wpo-minify-header-f5340c16.min.js]
[localhost_8080/purvatraders/feed/index.html]
[localhost_8080/purvatraders/comments/feed/index.html]
[localhost_8080/purvatraders/wp-content/cache/wpo-minify/1639214591/assets/wpo-minify-header-6ee40810.min.js]
[localhost_8080/purvatraders/wp-json/index.html]
[localhost_8080/purvatraders/wp-json/wp/v2/pages/95.json]
[localhost_8080/purvatraders/xmlrpc0db0.php]
[localhost_8080/purvatraders/wp-includes/wlwmanifest.xml]
[localhost_8080/purvatraders/wp-json/oembed/1.0/embed32a7.json]
[localhost_8080/purvatraders/wp-json/oembed/1.0/embedb524]
[localhost_8080/purvatraders/wp-content/uploads/2021/12/pURVA-tRADERS.png]
[localhost_8080/purvatraders/wp-content/plugins/gtranslate/flags/24/en.png]
[localhost_8080/purvatraders/leading-shade-net-supplier/index.html]
[localhost_8080/purvatraders/blog/index.html]
[translate.google.com/translate_a/element.c7876.delayed]
[localhost_8080/purvatraders/wp-content/uploads/2021/12/container-g8154ab855_1280.jpg]
[localhost_8080/purvatraders/wp-content/uploads/2021/12/PinClipart.com_container-ship-clipart_1239844-150x150.png]
[localhost_8080/purvatraders/wp-content/cache/wpo-minify/1639214591/assets/wpo-minify-footer-a83246dd.min.js]
[localhost_8080/purvatraders/wp-content/cache/wpo-minify/1639214591/assets/wpo-minify-footer-98cf1025.min.js]
[localhost_8080/purvatraders/index.html]
[localhost_8080/purvatraders/wp-content/plugins/gtranslate/24.png]
[localhost_8080/purvatraders/wp-content/plugins/elementor/assets/lib/eicons/fonts/eicons.eot]
[localhost_8080/purvatraders/wp-content/plugins/elementor/assets/lib/font-awesome/webfonts/fa-brands-400.eot]
[localhost_8080/purvatraders/wp-content/plugins/elementor/assets/lib/eicons/fonts/eicons0b93.eot]
[localhost_8080/purvatraders/wp-content/uploads/2021/12/container-g4e3dc5977_1280.jpg]
[localhost_8080/purvatraders/wp-content/plugins/elementor/assets/lib/font-awesome/webfonts/fa-solid-900.eot]
[localhost_8080/purvatraders/wp-content/plugins/elementor/assets/lib/font-awesome/webfonts/fa-regular-400.eot]
[localhost_8080/purvatraders/wp-content/cache/wpo-minify/1639214591/assets/wpo-minify-header-4ee073c9.min.css]
[localhost_8080/purvatraders/wp-content/plugins/elementor/assets/images/placeholder.png]
[localhost_8080/purvatraders/wp-json/wp/v2/pages/5268.json]
[localhost_8080/purvatraders/wp-json/oembed/1.0/embedaefc.json]
[localhost_8080/purvatraders/wp-json/oembed/1.0/embed4b8d]
[localhost_8080/purvatraders/wp-content/cache/wpo-minify/1639214591/assets/wpo-minify-footer-72903f44.min.js]
[localhost_8080/purvatraders/leading-shade-net-supplier/index.html]
[localhost_8080/purvatraders/wp-json/wp/v2/pages/5218.json]
[localhost_8080/purvatraders/wp-json/oembed/1.0/embedf863.json]
[localhost_8080/purvatraders/wp-json/oembed/1.0/embed6668]
[localhost_8080/purvatraders/wp-content/cache/wpo-minify/1639214591/assets/wpo-minify-footer-8f880972.min.js]
[localhost_8080/purvatraders/blog/index.html]
[translate.google.com/translate_a/element7876.html]
[localhost_8080/favicon.ico]
[localhost_8080/index.html]
[localhost_8080/purvatraders/wp-content/cache/wpo-minify/1639214591/assets/wpo-minify-footer-80d20e64.min.css]
[localhost_8080/phpmyadmin/index.html]
[localhost_8080/purvatraders/wp-content/cache/wpo-minify/1639214591/assets/wpo-minify-header-3024494d.min.css]
[localhost_8080/purvatraders/indexe09a.html]
[localhost_8080/phpmyadmin4.9.7/index.html]
[localhost_8080/purvatraders/wp-content/cache/wpo-minify/1639214591/assets/wpo-minify-header-18401c98.min.css]
[localhost_8080/purvatraders/indexa715.html]
[localhost_8080/purvatraders/wp-includes/js/jquery/jquery.minaf6c.js]
[localhost_8080/purvatraders/wp-includes/js/jquery/jquery-migrate.mind617.js]
[localhost_8080/purvatraders/wp-includes/js/zxcvbn-async.min5152.js]
[localhost_8080/purvatraders/wp-includes/js/dist/vendor/regenerator-runtime.minb36a.js]
[localhost_8080/purvatraders/wp-includes/js/dist/vendor/wp-polyfill.min2c7c.js]
[localhost_8080/purvatraders/wp-includes/js/dist/hooks.mine16b.js]
[localhost_8080/purvatraders/wp-includes/js/dist/i18n.min71a7.js]
[localhost_8080/purvatraders/wp-admin/js/password-strength-meter.min080f.js]
[localhost_8080/purvatraders/wp-includes/js/underscore.min0028.js]
[localhost_8080/purvatraders/wp-includes/js/wp-util.min080f.js]
[localhost_8080/purvatraders/wp-admin/js/user-profile.min080f.js]
[localhost_8080/purvatraders/wp-login.html]
[localhost_8080/wampthemes/classic/img/gifLogo1.gif]
[localhost_8080/wampthemes/classic/img/pngFolder.png]
[localhost_8080/wampthemes/classic/img/pngWrench.png]
[localhost_8080/wampthemes/classic/img/pngFolderGo.png]
[localhost_8080/wampthemes/classic/style.css]
[localhost_8080/wampthemes/classic/img/pngPlugin.png]
[localhost_8080/index80fb.html]
[localhost_8080/indexec3d.html]
[localhost_8080/phpsysinfo/gfx/favicon.gif]
[localhost_8080/phpsysinfo/index.html]
[localhost_8080/add_vhost1d29.html]
[localhost_8080/adminer/index.html]
[localhost_8080/phpmyadmin/index.html]
[localhost_8080/phpmyadmin4.9.7/index.html]
[localhost_8080/adminer/index885b.html]
[localhost_8080/adminer/index677c.html]
[localhost_8080/purvatraders/wp-content/plugins/gtranslate/24a.png]
[localhost_8080/purvatraders/wp-content/plugins/gtranslate/alt_flags.png]
[localhost_8080/purvatraders/wp-content/plugins/gtranslate/alt_flagsa.png]
[localhost_8080/purvatraders/wp-content/plugins/gtranslate/gtranslate-style24080f.css]
[localhost_8080/purvatraders/wp-includes/fonts/dashicons7d4b.eot]
[localhost_8080/purvatraders/wp-includes/fonts/dashicons7d4b.ttf]
[localhost_8080/purvatraders/wp-includes/css/dashicons.min080f.css]
[localhost_8080/purvatraders/wp-includes/css/buttons.min080f.css]
[localhost_8080/purvatraders/wp-admin/images/loading.gif]
[localhost_8080/purvatraders/wp-admin/css/forms.min080f.css]
[localhost_8080/purvatraders/wp-admin/css/l10n.min080f.css]
[localhost_8080/purvatraders/wp-admin/images/w-logo-blue7a53.png]
[localhost_8080/purvatraders/wp-admin/css/login.min080f.css]
[localhost_8080/purvatraders/wp-loginc2b6.html]
[localhost_8080/phpsysinfo/gfx/html.gif]
[localhost_8080/phpsysinfo/gfx/body.gif]
[localhost_8080/phpsysinfo/gfx/htmlwarn.gif]
[localhost_8080/phpsysinfo/templates/phpsysinfo.css]
[localhost_8080/phpsysinfo/indexd903.html]
[localhost_8080/phpsysinfo/gfx/favicon.ico]
[localhost_8080/phpsysinfo/gfx/logo_32.gif]
[localhost_8080/phpsysinfo/gfx/attention.gif]
[localhost_8080/phpsysinfo/gfx/ajax-loader.gif]
[localhost_8080/phpsysinfo/indexf60e.html]
[localhost_8080/img/gifLogo.html]
[localhost_8080/img/pngWrench.html]
[localhost_8080/index1d29.html]
[localhost_8080/adminer/indexb16d.html]
[localhost_8080/purvatraders/wp-admin/images/wordpress-logo7d6b.svg]
[localhost_8080/phpsysinfo/templates/vendor/bootstrap.min.css]
[localhost_8080/phpsysinfo/templates/vendor/bootstrap-webapp.css]
[localhost_8080/phpsysinfo/templates/misc/emptyfile.css]
[localhost_8080/phpsysinfo/js1448.js]
[localhost_8080/phpsysinfo/js2afe.js]
[localhost_8080/phpsysinfo/js22e4.js]
[localhost_8080/phpsysinfo/js1853.js]
[localhost_8080/phpsysinfo/js7fdc.js]
[localhost_8080/phpsysinfo/js47bb.js]
[localhost_8080/phpsysinfo/jsc634.js]
[localhost_8080/phpsysinfo/js10db.js]
[localhost_8080/index80fb-2.html]
[localhost_8080/indexec3d-2.html]
[localhost_8080/phpsysinfo/ir.html]
